{
  "version": "1.5.0",
  "plugins_used": [
    {
      "name": "ArtifactoryDetector"
    },
    {
      "name": "AWSKeyDetector"
    },
    {
      "name": "AzureStorageKeyDetector"
    },
    {
      "name": "Base64HighEntropyString",
      "limit": 4.5
    },
    {
      "name": "BasicAuthDetector"
    },
    {
      "name": "CloudantDetector"
    },
    {
      "name": "DiscordBotTokenDetector"
    },
    {
      "name": "GitHubTokenDetector"
    },
    {
      "name": "GitLabTokenDetector"
    },
    {
      "name": "HexHighEntropyString",
      "limit": 3.0
    },
    {
      "name": "IbmCloudIamDetector"
    },
    {
      "name": "IbmCosHmacDetector"
    },
    {
      "name": "IPPublicDetector"
    },
    {
      "name": "JwtTokenDetector"
    },
    {
      "name": "KeywordDetector",
      "keyword_exclude": ""
    },
    {
      "name": "MailchimpDetector"
    },
    {
      "name": "NpmDetector"
    },
    {
      "name": "OpenAIDetector"
    },
    {
      "name": "PrivateKeyDetector"
    },
    {
      "name": "PypiTokenDetector"
    },
    {
      "name": "SendGridDetector"
    },
    {
      "name": "SlackDetector"
    },
    {
      "name": "SoftlayerDetector"
    },
    {
      "name": "SquareOAuthDetector"
    },
    {
      "name": "StripeDetector"
    },
    {
      "name": "TelegramBotTokenDetector"
    },
    {
      "name": "TwilioKeyDetector"
    }
  ],
  "filters_used": [
    {
      "path": "detect_secrets.filters.allowlist.is_line_allowlisted"
    },
    {
      "path": "detect_secrets.filters.common.is_baseline_file",
      "filename": ".secrets.baseline"
    },
    {
      "path": "detect_secrets.filters.common.is_ignored_due_to_verification_policies",
      "min_level": 2
    },
    {
      "path": "detect_secrets.filters.heuristic.is_indirect_reference"
    },
    {
      "path": "detect_secrets.filters.heuristic.is_likely_id_string"
    },
    {
      "path": "detect_secrets.filters.heuristic.is_lock_file"
    },
    {
      "path": "detect_secrets.filters.heuristic.is_not_alphanumeric_string"
    },
    {
      "path": "detect_secrets.filters.heuristic.is_potential_uuid"
    },
    {
      "path": "detect_secrets.filters.heuristic.is_prefixed_with_dollar_sign"
    },
    {
      "path": "detect_secrets.filters.heuristic.is_sequential_string"
    },
    {
      "path": "detect_secrets.filters.heuristic.is_swagger_file"
    },
    {
      "path": "detect_secrets.filters.heuristic.is_templated_secret"
    }
  ],
  "results": {
    "OPERATOR_REFERENCE.md": [
      {
        "type": "Secret Keyword",
        "filename": "OPERATOR_REFERENCE.md",
        "hashed_secret": "d033e22ae348aeb5660fc2140aec35850c4da997",
        "is_verified": false,
        "line_number": 1503
      }
    ],
    "docs/INCREMENTAL_METADATA_STORAGE.md": [
      {
        "type": "Secret Keyword",
        "filename": "docs/INCREMENTAL_METADATA_STORAGE.md",
        "hashed_secret": "564e340cd48437d2dfe876ee154cc99dc4d0d137",
        "is_verified": false,
        "line_number": 95
      }
    ],
    "docs/deploy/OPENSHIFT_DEPLOYMENT.md": [
      {
        "type": "Secret Keyword",
        "filename": "docs/deploy/OPENSHIFT_DEPLOYMENT.md",
        "hashed_secret": "4525039b7546f7853e912fbea9d2b648c9d0cd7f",
        "is_verified": false,
        "line_number": 57
      }
    ],
    "docs/milvus/README.md": [
      {
        "type": "Secret Keyword",
        "filename": "docs/milvus/README.md",
        "hashed_secret": "7a184848140f09998a498e85be4190d1adb6c91b",
        "is_verified": false,
        "line_number": 385
      }
    ],
    "docs/prefect/DISTRIBUTED_EXECUTION_GUIDE.md": [
      {
        "type": "Secret Keyword",
        "filename": "docs/prefect/DISTRIBUTED_EXECUTION_GUIDE.md",
        "hashed_secret": "9903d91ddc9c0c95da5ba38ab1d96fe12a8d77f2",
        "is_verified": false,
        "line_number": 891
      },
      {
        "type": "Secret Keyword",
        "filename": "docs/prefect/DISTRIBUTED_EXECUTION_GUIDE.md",
        "hashed_secret": "63a7af5ac66389a5b0fc828d5e251dceef278117",
        "is_verified": false,
        "line_number": 1934
      }
    ],
    "examples/connectors/test_onedrive_adapter.py": [
      {
        "type": "Secret Keyword",
        "filename": "examples/connectors/test_onedrive_adapter.py",
        "hashed_secret": "c303df00cd0a72b21c62900b758b06fc541664ce",
        "is_verified": false,
        "line_number": 63
      }
    ],
    "examples/connectors/test_s3_adapter.py": [
      {
        "type": "Secret Keyword",
        "filename": "examples/connectors/test_s3_adapter.py",
        "hashed_secret": "33f220dd67f717cc949db63e21c90e130a6137da",
        "is_verified": false,
        "line_number": 62
      }
    ],
    "examples/connectors/test_sharepoint_adapter.py": [
      {
        "type": "Secret Keyword",
        "filename": "examples/connectors/test_sharepoint_adapter.py",
        "hashed_secret": "c303df00cd0a72b21c62900b758b06fc541664ce",
        "is_verified": false,
        "line_number": 63
      }
    ],
    "sample_flows/complete_pipeline_flow.json": [
      {
        "type": "Secret Keyword",
        "filename": "sample_flows/complete_pipeline_flow.json",
        "hashed_secret": "9903d91ddc9c0c95da5ba38ab1d96fe12a8d77f2",
        "is_verified": false,
        "line_number": 74
      }
    ],
    "sample_flows/milvus_pipeline_flow.json": [
      {
        "type": "Secret Keyword",
        "filename": "sample_flows/milvus_pipeline_flow.json",
        "hashed_secret": "cc9871b83adab1ef99e0bc1ffe775fdb32885904",
        "is_verified": false,
        "line_number": 75
      }
    ],
    "src/datasift/core/operators/functional/embeddings/adapters/outbound/litellm_adapter.py": [
      {
        "type": "Secret Keyword",
        "filename": "src/datasift/core/operators/functional/embeddings/adapters/outbound/litellm_adapter.py",
        "hashed_secret": "bad20ce8953a58e8c0e634c770cbd5ab0644b617",
        "is_verified": false,
        "line_number": 102
      }
    ],
    "src/datasift/core/operators/ingest/adapters/outbound/sources/s3/config.py": [
      {
        "type": "AWS Access Key",
        "filename": "src/datasift/core/operators/ingest/adapters/outbound/sources/s3/config.py",
        "hashed_secret": "25910f981e85ca04baf359199dd0bd4a3ae738b6",
        "is_verified": false,
        "line_number": 130
      },
      {
        "type": "Base64 High Entropy String",
        "filename": "src/datasift/core/operators/ingest/adapters/outbound/sources/s3/config.py",
        "hashed_secret": "d70eab08607a4d05faa2d0d6647206599e9abc65",
        "is_verified": false,
        "line_number": 131
      },
      {
        "type": "Secret Keyword",
        "filename": "src/datasift/core/operators/ingest/adapters/outbound/sources/s3/config.py",
        "hashed_secret": "d70eab08607a4d05faa2d0d6647206599e9abc65",
        "is_verified": false,
        "line_number": 131
      }
    ],
    "tests/integration/auth/test_jwt_integration.py": [
      {
        "type": "Secret Keyword",
        "filename": "tests/integration/auth/test_jwt_integration.py",
        "hashed_secret": "8c18f7e71403c603b5d46b2923a65278ef929c45",
        "is_verified": false,
        "line_number": 24
      }
    ],
    "tests/integration/auth/test_oauth2_flow.py": [
      {
        "type": "Secret Keyword",
        "filename": "tests/integration/auth/test_oauth2_flow.py",
        "hashed_secret": "fe1bae27cb7c1fb823f496f286e78f1d2ae87734",
        "is_verified": false,
        "line_number": 25
      }
    ],
    "tests/integration/opensearch/test_opensearch_with_container.py": [
      {
        "type": "Secret Keyword",
        "filename": "tests/integration/opensearch/test_opensearch_with_container.py",
        "hashed_secret": "9903d91ddc9c0c95da5ba38ab1d96fe12a8d77f2",
        "is_verified": false,
        "line_number": 152
      }
    ],
    "tests/sample_test_flows/basic/local_to_opensearch.json": [
      {
        "type": "Secret Keyword",
        "filename": "tests/sample_test_flows/basic/local_to_opensearch.json",
        "hashed_secret": "d033e22ae348aeb5660fc2140aec35850c4da997",
        "is_verified": false,
        "line_number": 90
      }
    ],
    "tests/sample_test_flows/basic/local_to_opensearch_ui.json": [
      {
        "type": "Secret Keyword",
        "filename": "tests/sample_test_flows/basic/local_to_opensearch_ui.json",
        "hashed_secret": "9903d91ddc9c0c95da5ba38ab1d96fe12a8d77f2",
        "is_verified": false,
        "line_number": 75
      }
    ],
    "tests/sample_test_flows/basic/opensearch_integration.json": [
      {
        "type": "Secret Keyword",
        "filename": "tests/sample_test_flows/basic/opensearch_integration.json",
        "hashed_secret": "9903d91ddc9c0c95da5ba38ab1d96fe12a8d77f2",
        "is_verified": false,
        "line_number": 85
      }
    ],
    "tests/sample_test_flows/cloud_sources/flow_onedrive_to_opensearch.json": [
      {
        "type": "Secret Keyword",
        "filename": "tests/sample_test_flows/cloud_sources/flow_onedrive_to_opensearch.json",
        "hashed_secret": "b2d90aa6a6032e1a65db0c475803226eb7aacf91",
        "is_verified": false,
        "line_number": 86
      }
    ],
    "tests/sample_test_flows/cloud_sources/flow_s3_adapter_test.json": [
      {
        "type": "Secret Keyword",
        "filename": "tests/sample_test_flows/cloud_sources/flow_s3_adapter_test.json",
        "hashed_secret": "15c47baa07cb7ea20c863ee668614b80380c6a42",
        "is_verified": false,
        "line_number": 19
      }
    ],
    "tests/sample_test_flows/cloud_sources/flow_s3_to_opensearch.json": [
      {
        "type": "Secret Keyword",
        "filename": "tests/sample_test_flows/cloud_sources/flow_s3_to_opensearch.json",
        "hashed_secret": "f8910670f1f886b91bf2763a48a1ad3ab58ac532",
        "is_verified": false,
        "line_number": 81
      }
    ],
    "tests/sample_test_flows/cloud_sources/flow_sharepoint_to_opensearch.json": [
      {
        "type": "Secret Keyword",
        "filename": "tests/sample_test_flows/cloud_sources/flow_sharepoint_to_opensearch.json",
        "hashed_secret": "b2d90aa6a6032e1a65db0c475803226eb7aacf91",
        "is_verified": false,
        "line_number": 86
      }
    ],
    "tests/sample_test_flows/embeddings/watsonx_embeddings_flow.json": [
      {
        "type": "Secret Keyword",
        "filename": "tests/sample_test_flows/embeddings/watsonx_embeddings_flow.json",
        "hashed_secret": "9903d91ddc9c0c95da5ba38ab1d96fe12a8d77f2",
        "is_verified": false,
        "line_number": 134
      }
    ],
    "tests/sample_test_flows/invoice_processing/flow_invoice.json": [
      {
        "type": "Secret Keyword",
        "filename": "tests/sample_test_flows/invoice_processing/flow_invoice.json",
        "hashed_secret": "9903d91ddc9c0c95da5ba38ab1d96fe12a8d77f2",
        "is_verified": false,
        "line_number": 75
      }
    ],
    "tests/sample_test_flows/invoice_processing/flow_invoice_entities.json": [
      {
        "type": "Secret Keyword",
        "filename": "tests/sample_test_flows/invoice_processing/flow_invoice_entities.json",
        "hashed_secret": "9903d91ddc9c0c95da5ba38ab1d96fe12a8d77f2",
        "is_verified": false,
        "line_number": 64
      }
    ],
    "tests/sample_test_flows/invoice_processing/flow_invoice_entities_expanded.json": [
      {
        "type": "Secret Keyword",
        "filename": "tests/sample_test_flows/invoice_processing/flow_invoice_entities_expanded.json",
        "hashed_secret": "9903d91ddc9c0c95da5ba38ab1d96fe12a8d77f2",
        "is_verified": false,
        "line_number": 89
      }
    ],
    "tests/sample_test_flows/invoice_processing/flow_invoice_entities_expanded_ui.json": [
      {
        "type": "Secret Keyword",
        "filename": "tests/sample_test_flows/invoice_processing/flow_invoice_entities_expanded_ui.json",
        "hashed_secret": "9903d91ddc9c0c95da5ba38ab1d96fe12a8d77f2",
        "is_verified": false,
        "line_number": 87
      }
    ],
    "tests/sample_test_flows/invoice_processing/flow_invoice_k8s.json": [
      {
        "type": "Secret Keyword",
        "filename": "tests/sample_test_flows/invoice_processing/flow_invoice_k8s.json",
        "hashed_secret": "96fb1bac4f3cb861783618b438ea6e1eb3e905b7",
        "is_verified": false,
        "line_number": 27
      },
      {
        "type": "Secret Keyword",
        "filename": "tests/sample_test_flows/invoice_processing/flow_invoice_k8s.json",
        "hashed_secret": "65c288b4b1901e533010fc4bb9de9db3dd9ff384",
        "is_verified": false,
        "line_number": 35
      },
      {
        "type": "Secret Keyword",
        "filename": "tests/sample_test_flows/invoice_processing/flow_invoice_k8s.json",
        "hashed_secret": "165ea61cc85870f35e4bbb9b82b52fb13efed027",
        "is_verified": false,
        "line_number": 45
      },
      {
        "type": "Secret Keyword",
        "filename": "tests/sample_test_flows/invoice_processing/flow_invoice_k8s.json",
        "hashed_secret": "a5e5a97d122f2bcdd30b3ac0f90771b78f993bca",
        "is_verified": false,
        "line_number": 61
      },
      {
        "type": "Secret Keyword",
        "filename": "tests/sample_test_flows/invoice_processing/flow_invoice_k8s.json",
        "hashed_secret": "9903d91ddc9c0c95da5ba38ab1d96fe12a8d77f2",
        "is_verified": false,
        "line_number": 127
      }
    ],
    "tests/sample_test_flows/invoice_processing/flow_invoice_process.json": [
      {
        "type": "Secret Keyword",
        "filename": "tests/sample_test_flows/invoice_processing/flow_invoice_process.json",
        "hashed_secret": "9903d91ddc9c0c95da5ba38ab1d96fe12a8d77f2",
        "is_verified": false,
        "line_number": 100
      }
    ],
    "tests/sample_test_flows/quality_and_enrichment/flow_branching_and_merging.json": [
      {
        "type": "Secret Keyword",
        "filename": "tests/sample_test_flows/quality_and_enrichment/flow_branching_and_merging.json",
        "hashed_secret": "9903d91ddc9c0c95da5ba38ab1d96fe12a8d77f2",
        "is_verified": false,
        "line_number": 230
      }
    ],
    "tests/sample_test_flows/quality_and_enrichment/flow_ml_enrichment_opensearch.json": [
      {
        "type": "Secret Keyword",
        "filename": "tests/sample_test_flows/quality_and_enrichment/flow_ml_enrichment_opensearch.json",
        "hashed_secret": "9903d91ddc9c0c95da5ba38ab1d96fe12a8d77f2",
        "is_verified": false,
        "line_number": 86
      }
    ],
    "tests/sample_test_flows/quality_and_enrichment/flow_quality_pipeline_branching.json": [
      {
        "type": "Secret Keyword",
        "filename": "tests/sample_test_flows/quality_and_enrichment/flow_quality_pipeline_branching.json",
        "hashed_secret": "9903d91ddc9c0c95da5ba38ab1d96fe12a8d77f2",
        "is_verified": false,
        "line_number": 162
      }
    ],
    "tests/sample_test_flows/specialized/flow_purchase_orders_with_schema.json": [
      {
        "type": "Secret Keyword",
        "filename": "tests/sample_test_flows/specialized/flow_purchase_orders_with_schema.json",
        "hashed_secret": "9903d91ddc9c0c95da5ba38ab1d96fe12a8d77f2",
        "is_verified": false,
        "line_number": 80
      }
    ],
    "tests/sample_test_flows/web/flow_web_to_opensearch.json": [
      {
        "type": "Secret Keyword",
        "filename": "tests/sample_test_flows/web/flow_web_to_opensearch.json",
        "hashed_secret": "d033e22ae348aeb5660fc2140aec35850c4da997",
        "is_verified": false,
        "line_number": 87
      }
    ],
    "tests/unit/auth/test_jwt_handler.py": [
      {
        "type": "Secret Keyword",
        "filename": "tests/unit/auth/test_jwt_handler.py",
        "hashed_secret": "6731834487e9dd32ec3df63994d996da1133dbb9",
        "is_verified": false,
        "line_number": 19
      },
      {
        "type": "Secret Keyword",
        "filename": "tests/unit/auth/test_jwt_handler.py",
        "hashed_secret": "71fdbe9f60b1157a53c18b7ec93d4041d828aaad",
        "is_verified": false,
        "line_number": 37
      },
      {
        "type": "Secret Keyword",
        "filename": "tests/unit/auth/test_jwt_handler.py",
        "hashed_secret": "788bc34aec062babba5210c157b250c3d9dc7c84",
        "is_verified": false,
        "line_number": 168
      }
    ],
    "tests/unit/auth/test_models.py": [
      {
        "type": "Secret Keyword",
        "filename": "tests/unit/auth/test_models.py",
        "hashed_secret": "206c80413b9a96c1312cc346b7d2517b84463edd",
        "is_verified": false,
        "line_number": 21
      }
    ],
    "tests/unit/auth/test_oauth2_config.py": [
      {
        "type": "Secret Keyword",
        "filename": "tests/unit/auth/test_oauth2_config.py",
        "hashed_secret": "fe1bae27cb7c1fb823f496f286e78f1d2ae87734",
        "is_verified": false,
        "line_number": 30
      },
      {
        "type": "Secret Keyword",
        "filename": "tests/unit/auth/test_oauth2_config.py",
        "hashed_secret": "ac76baa2fc26ee51c161d710eef11a233ed88e34",
        "is_verified": false,
        "line_number": 70
      }
    ],
    "tests/unit/auth/test_oauth2_provider.py": [
      {
        "type": "Secret Keyword",
        "filename": "tests/unit/auth/test_oauth2_provider.py",
        "hashed_secret": "fe1bae27cb7c1fb823f496f286e78f1d2ae87734",
        "is_verified": false,
        "line_number": 28
      },
      {
        "type": "Secret Keyword",
        "filename": "tests/unit/auth/test_oauth2_provider.py",
        "hashed_secret": "ac76baa2fc26ee51c161d710eef11a233ed88e34",
        "is_verified": false,
        "line_number": 45
      },
      {
        "type": "Secret Keyword",
        "filename": "tests/unit/auth/test_oauth2_provider.py",
        "hashed_secret": "33dc063ccd54ddf6aac6e1a7c63e481336b97c1d",
        "is_verified": false,
        "line_number": 57
      }
    ],
    "tests/unit/operators/ededup/test_ededup.py": [
      {
        "type": "Hex High Entropy String",
        "filename": "tests/unit/operators/ededup/test_ededup.py",
        "hashed_secret": "3bef0b2314ff8da1700d4539d67f711ba7244fc4",
        "is_verified": false,
        "line_number": 49
      },
      {
        "type": "Hex High Entropy String",
        "filename": "tests/unit/operators/ededup/test_ededup.py",
        "hashed_secret": "1bc0b9d0c444841022385b43b2e2ceb6b3523bec",
        "is_verified": false,
        "line_number": 50
      }
    ],
    "tests/unit/operators/extract/adapters/outbound/entity_extraction/test_litellm_entity_adapter.py": [
      {
        "type": "Secret Keyword",
        "filename": "tests/unit/operators/extract/adapters/outbound/entity_extraction/test_litellm_entity_adapter.py",
        "hashed_secret": "d58f8c42247f1cf100bf63f196d93d7d302e8ca9",
        "is_verified": false,
        "line_number": 42
      }
    ],
    "tests/unit/operators/functional/embeddings/adapters/test_watsonx_adapter.py": [
      {
        "type": "Secret Keyword",
        "filename": "tests/unit/operators/functional/embeddings/adapters/test_watsonx_adapter.py",
        "hashed_secret": "2e7a7ee14caebf378fc32d6cf6f557f347c96773",
        "is_verified": false,
        "line_number": 106
      }
    ],
    "tests/unit/operators/ingest/test_s3_source_adapter.py": [
      {
        "type": "AWS Access Key",
        "filename": "tests/unit/operators/ingest/test_s3_source_adapter.py",
        "hashed_secret": "25910f981e85ca04baf359199dd0bd4a3ae738b6",
        "is_verified": false,
        "line_number": 28
      }
    ]
  },
  "generated_at": "2026-05-22T15:49:24Z"
}
