{
  "version": "1.5.0",
  "plugins_used": [
    {
      "name": "ArtifactoryDetector"
    },
    {
      "name": "AWSKeyDetector"
    },
    {
      "name": "AzureStorageKeyDetector"
    },
    {
      "name": "Base64HighEntropyString",
      "limit": 4.5
    },
    {
      "name": "BasicAuthDetector"
    },
    {
      "name": "CloudantDetector"
    },
    {
      "name": "DiscordBotTokenDetector"
    },
    {
      "name": "GitHubTokenDetector"
    },
    {
      "name": "GitLabTokenDetector"
    },
    {
      "name": "HexHighEntropyString",
      "limit": 3.0
    },
    {
      "name": "IbmCloudIamDetector"
    },
    {
      "name": "IbmCosHmacDetector"
    },
    {
      "name": "IPPublicDetector"
    },
    {
      "name": "JwtTokenDetector"
    },
    {
      "name": "KeywordDetector",
      "keyword_exclude": ""
    },
    {
      "name": "MailchimpDetector"
    },
    {
      "name": "NpmDetector"
    },
    {
      "name": "OpenAIDetector"
    },
    {
      "name": "PrivateKeyDetector"
    },
    {
      "name": "PypiTokenDetector"
    },
    {
      "name": "SendGridDetector"
    },
    {
      "name": "SlackDetector"
    },
    {
      "name": "SoftlayerDetector"
    },
    {
      "name": "SquareOAuthDetector"
    },
    {
      "name": "StripeDetector"
    },
    {
      "name": "TelegramBotTokenDetector"
    },
    {
      "name": "TwilioKeyDetector"
    }
  ],
  "filters_used": [
    {
      "path": "detect_secrets.filters.allowlist.is_line_allowlisted"
    },
    {
      "path": "detect_secrets.filters.common.is_baseline_file",
      "filename": ".secrets.baseline"
    },
    {
      "path": "detect_secrets.filters.common.is_ignored_due_to_verification_policies",
      "min_level": 2
    },
    {
      "path": "detect_secrets.filters.heuristic.is_indirect_reference"
    },
    {
      "path": "detect_secrets.filters.heuristic.is_likely_id_string"
    },
    {
      "path": "detect_secrets.filters.heuristic.is_lock_file"
    },
    {
      "path": "detect_secrets.filters.heuristic.is_not_alphanumeric_string"
    },
    {
      "path": "detect_secrets.filters.heuristic.is_potential_uuid"
    },
    {
      "path": "detect_secrets.filters.heuristic.is_prefixed_with_dollar_sign"
    },
    {
      "path": "detect_secrets.filters.heuristic.is_sequential_string"
    },
    {
      "path": "detect_secrets.filters.heuristic.is_swagger_file"
    },
    {
      "path": "detect_secrets.filters.heuristic.is_templated_secret"
    }
  ],
  "results": {
    "README.md": [
      {
        "type": "Secret Keyword",
        "filename": "README.md",
        "hashed_secret": "08fa24bf81bda4bf29e748b134fa0bb2e24a28c1",
        "is_verified": false,
        "line_number": 816
      }
    ],
    "SPINE_INTEGRATION_REPORT.md": [
      {
        "type": "Secret Keyword",
        "filename": "SPINE_INTEGRATION_REPORT.md",
        "hashed_secret": "aecdccc1cf64595b34e0cc152d238daabb32183a",
        "is_verified": false,
        "line_number": 187
      },
      {
        "type": "Secret Keyword",
        "filename": "SPINE_INTEGRATION_REPORT.md",
        "hashed_secret": "2e9ff3158396ab73f4b84a4321f27540dda3dc72",
        "is_verified": false,
        "line_number": 788
      },
      {
        "type": "Secret Keyword",
        "filename": "SPINE_INTEGRATION_REPORT.md",
        "hashed_secret": "11fa7c37d697f30e6aee828b4426a10f83ab2380",
        "is_verified": false,
        "line_number": 1347
      },
      {
        "type": "Secret Keyword",
        "filename": "SPINE_INTEGRATION_REPORT.md",
        "hashed_secret": "3acfb2c2b433c0ea7ff107e33df91b18e52f960f",
        "is_verified": false,
        "line_number": 1540
      }
    ],
    "docs/operators/ingest_source.md": [
      {
        "type": "Secret Keyword",
        "filename": "docs/operators/ingest_source.md",
        "hashed_secret": "a5e5a97d122f2bcdd30b3ac0f90771b78f993bca",
        "is_verified": false,
        "line_number": 31
      },
      {
        "type": "Secret Keyword",
        "filename": "docs/operators/ingest_source.md",
        "hashed_secret": "20a14b774f9240d67a84f3310b622f2803e45055",
        "is_verified": false,
        "line_number": 56
      },
      {
        "type": "Secret Keyword",
        "filename": "docs/operators/ingest_source.md",
        "hashed_secret": "4828aeee87a0527949cb106d4c50ae10fd333cef",
        "is_verified": false,
        "line_number": 80
      },
      {
        "type": "Secret Keyword",
        "filename": "docs/operators/ingest_source.md",
        "hashed_secret": "1e3667aaaaa887721550cf5cc8a0c5c5760810ed",
        "is_verified": false,
        "line_number": 180
      },
      {
        "type": "Secret Keyword",
        "filename": "docs/operators/ingest_source.md",
        "hashed_secret": "76fb0eb046fb9e7b163fecdfaf0b3e419a8a503b",
        "is_verified": false,
        "line_number": 210
      },
      {
        "type": "Secret Keyword",
        "filename": "docs/operators/ingest_source.md",
        "hashed_secret": "e383adc92711d348f6df827db2452eddcbd32384",
        "is_verified": false,
        "line_number": 435
      }
    ],
    "docs/operators/opensearch.md": [
      {
        "type": "Secret Keyword",
        "filename": "docs/operators/opensearch.md",
        "hashed_secret": "d033e22ae348aeb5660fc2140aec35850c4da997",
        "is_verified": false,
        "line_number": 117
      }
    ],
    "docs/prefect/DISTRIBUTED_EXECUTION_GUIDE.md": [
      {
        "type": "Secret Keyword",
        "filename": "docs/prefect/DISTRIBUTED_EXECUTION_GUIDE.md",
        "hashed_secret": "9903d91ddc9c0c95da5ba38ab1d96fe12a8d77f2",
        "is_verified": false,
        "line_number": 802
      },
      {
        "type": "Secret Keyword",
        "filename": "docs/prefect/DISTRIBUTED_EXECUTION_GUIDE.md",
        "hashed_secret": "63a7af5ac66389a5b0fc828d5e251dceef278117",
        "is_verified": false,
        "line_number": 1843
      }
    ],
    "examples/connectors/test_onedrive_adapter.py": [
      {
        "type": "Secret Keyword",
        "filename": "examples/connectors/test_onedrive_adapter.py",
        "hashed_secret": "c303df00cd0a72b21c62900b758b06fc541664ce",
        "is_verified": false,
        "line_number": 69
      }
    ],
    "examples/connectors/test_s3_adapter.py": [
      {
        "type": "Secret Keyword",
        "filename": "examples/connectors/test_s3_adapter.py",
        "hashed_secret": "33f220dd67f717cc949db63e21c90e130a6137da",
        "is_verified": false,
        "line_number": 68
      }
    ],
    "examples/connectors/test_sharepoint_adapter.py": [
      {
        "type": "Secret Keyword",
        "filename": "examples/connectors/test_sharepoint_adapter.py",
        "hashed_secret": "c303df00cd0a72b21c62900b758b06fc541664ce",
        "is_verified": false,
        "line_number": 69
      }
    ],
    "sample_flows/complete_pipeline_flow.json": [
      {
        "type": "Secret Keyword",
        "filename": "sample_flows/complete_pipeline_flow.json",
        "hashed_secret": "9903d91ddc9c0c95da5ba38ab1d96fe12a8d77f2",
        "is_verified": false,
        "line_number": 77
      }
    ],
    "src/datasift_opensource/backend/core/operators/functional/embeddings/adapters/outbound/litellm_adapter.py": [
      {
        "type": "Secret Keyword",
        "filename": "src/datasift_opensource/backend/core/operators/functional/embeddings/adapters/outbound/litellm_adapter.py",
        "hashed_secret": "bad20ce8953a58e8c0e634c770cbd5ab0644b617",
        "is_verified": false,
        "line_number": 99
      }
    ],
    "src/datasift_opensource/backend/core/operators/ingest/adapters/outbound/sources/onedrive/README.md": [
      {
        "type": "Secret Keyword",
        "filename": "src/datasift_opensource/backend/core/operators/ingest/adapters/outbound/sources/onedrive/README.md",
        "hashed_secret": "f4a620b9ccc609e2d15f066b73ec53258eb628a2",
        "is_verified": false,
        "line_number": 77
      },
      {
        "type": "Secret Keyword",
        "filename": "src/datasift_opensource/backend/core/operators/ingest/adapters/outbound/sources/onedrive/README.md",
        "hashed_secret": "c303df00cd0a72b21c62900b758b06fc541664ce",
        "is_verified": false,
        "line_number": 100
      }
    ],
    "src/datasift_opensource/backend/core/operators/ingest/adapters/outbound/sources/s3/config.py": [
      {
        "type": "AWS Access Key",
        "filename": "src/datasift_opensource/backend/core/operators/ingest/adapters/outbound/sources/s3/config.py",
        "hashed_secret": "25910f981e85ca04baf359199dd0bd4a3ae738b6",
        "is_verified": false,
        "line_number": 126
      },
      {
        "type": "Base64 High Entropy String",
        "filename": "src/datasift_opensource/backend/core/operators/ingest/adapters/outbound/sources/s3/config.py",
        "hashed_secret": "d70eab08607a4d05faa2d0d6647206599e9abc65",
        "is_verified": false,
        "line_number": 127
      },
      {
        "type": "Secret Keyword",
        "filename": "src/datasift_opensource/backend/core/operators/ingest/adapters/outbound/sources/s3/config.py",
        "hashed_secret": "d70eab08607a4d05faa2d0d6647206599e9abc65",
        "is_verified": false,
        "line_number": 127
      }
    ],
    "src/datasift_opensource/backend/core/operators/ingest/adapters/outbound/sources/sharepoint/README.md": [
      {
        "type": "Secret Keyword",
        "filename": "src/datasift_opensource/backend/core/operators/ingest/adapters/outbound/sources/sharepoint/README.md",
        "hashed_secret": "f4a620b9ccc609e2d15f066b73ec53258eb628a2",
        "is_verified": false,
        "line_number": 93
      },
      {
        "type": "Secret Keyword",
        "filename": "src/datasift_opensource/backend/core/operators/ingest/adapters/outbound/sources/sharepoint/README.md",
        "hashed_secret": "c303df00cd0a72b21c62900b758b06fc541664ce",
        "is_verified": false,
        "line_number": 116
      }
    ],
    "src/datasift_opensource/backend/core/operators/quality/README.md": [
      {
        "type": "Secret Keyword",
        "filename": "src/datasift_opensource/backend/core/operators/quality/README.md",
        "hashed_secret": "b5c2827eb65bf13b87130e7e3c424ba9ff07cd67",
        "is_verified": false,
        "line_number": 76
      }
    ],
    "tests/integration/auth/test_jwt_integration.py": [
      {
        "type": "Secret Keyword",
        "filename": "tests/integration/auth/test_jwt_integration.py",
        "hashed_secret": "8c18f7e71403c603b5d46b2923a65278ef929c45",
        "is_verified": false,
        "line_number": 22
      }
    ],
    "tests/integration/auth/test_oauth2_flow.py": [
      {
        "type": "Secret Keyword",
        "filename": "tests/integration/auth/test_oauth2_flow.py",
        "hashed_secret": "fe1bae27cb7c1fb823f496f286e78f1d2ae87734",
        "is_verified": false,
        "line_number": 24
      }
    ],
    "tests/integration/opensearch/test_opensearch_with_container.py": [
      {
        "type": "Secret Keyword",
        "filename": "tests/integration/opensearch/test_opensearch_with_container.py",
        "hashed_secret": "9903d91ddc9c0c95da5ba38ab1d96fe12a8d77f2",
        "is_verified": false,
        "line_number": 151
      }
    ],
    "tests/sample_test_flows/basic/local_to_opensearch.json": [
      {
        "type": "Secret Keyword",
        "filename": "tests/sample_test_flows/basic/local_to_opensearch.json",
        "hashed_secret": "d033e22ae348aeb5660fc2140aec35850c4da997",
        "is_verified": false,
        "line_number": 73
      }
    ],
    "tests/sample_test_flows/basic/local_to_opensearch_ui.json": [
      {
        "type": "Secret Keyword",
        "filename": "tests/sample_test_flows/basic/local_to_opensearch_ui.json",
        "hashed_secret": "9903d91ddc9c0c95da5ba38ab1d96fe12a8d77f2",
        "is_verified": false,
        "line_number": 103
      }
    ],
    "tests/sample_test_flows/basic/opensearch_integration.json": [
      {
        "type": "Secret Keyword",
        "filename": "tests/sample_test_flows/basic/opensearch_integration.json",
        "hashed_secret": "9903d91ddc9c0c95da5ba38ab1d96fe12a8d77f2",
        "is_verified": false,
        "line_number": 107
      }
    ],
    "tests/sample_test_flows/cloud_sources/flow_gdrive.json": [
      {
        "type": "Secret Keyword",
        "filename": "tests/sample_test_flows/cloud_sources/flow_gdrive.json",
        "hashed_secret": "d033e22ae348aeb5660fc2140aec35850c4da997",
        "is_verified": false,
        "line_number": 111
      }
    ],
    "tests/sample_test_flows/cloud_sources/flow_onedrive_to_opensearch.json": [
      {
        "type": "Secret Keyword",
        "filename": "tests/sample_test_flows/cloud_sources/flow_onedrive_to_opensearch.json",
        "hashed_secret": "6f9cdb36bc59acc7b4d97aed32871a2049324bdb",
        "is_verified": false,
        "line_number": 25
      },
      {
        "type": "Secret Keyword",
        "filename": "tests/sample_test_flows/cloud_sources/flow_onedrive_to_opensearch.json",
        "hashed_secret": "76c29290ad11f63530626b6ee8920f5a00d0bcfb",
        "is_verified": false,
        "line_number": 116
      }
    ],
    "tests/sample_test_flows/cloud_sources/flow_s3_adapter_test.json": [
      {
        "type": "Secret Keyword",
        "filename": "tests/sample_test_flows/cloud_sources/flow_s3_adapter_test.json",
        "hashed_secret": "15c47baa07cb7ea20c863ee668614b80380c6a42",
        "is_verified": false,
        "line_number": 22
      }
    ],
    "tests/sample_test_flows/cloud_sources/flow_s3_to_opensearch.json": [
      {
        "type": "Secret Keyword",
        "filename": "tests/sample_test_flows/cloud_sources/flow_s3_to_opensearch.json",
        "hashed_secret": "15c47baa07cb7ea20c863ee668614b80380c6a42",
        "is_verified": false,
        "line_number": 22
      },
      {
        "type": "Secret Keyword",
        "filename": "tests/sample_test_flows/cloud_sources/flow_s3_to_opensearch.json",
        "hashed_secret": "76c29290ad11f63530626b6ee8920f5a00d0bcfb",
        "is_verified": false,
        "line_number": 95
      }
    ],
    "tests/sample_test_flows/cloud_sources/flow_sharepoint_to_opensearch.json": [
      {
        "type": "Secret Keyword",
        "filename": "tests/sample_test_flows/cloud_sources/flow_sharepoint_to_opensearch.json",
        "hashed_secret": "6f9cdb36bc59acc7b4d97aed32871a2049324bdb",
        "is_verified": false,
        "line_number": 25
      },
      {
        "type": "Secret Keyword",
        "filename": "tests/sample_test_flows/cloud_sources/flow_sharepoint_to_opensearch.json",
        "hashed_secret": "76c29290ad11f63530626b6ee8920f5a00d0bcfb",
        "is_verified": false,
        "line_number": 116
      }
    ],
    "tests/sample_test_flows/invoice_processing/flow_invoice.json": [
      {
        "type": "Secret Keyword",
        "filename": "tests/sample_test_flows/invoice_processing/flow_invoice.json",
        "hashed_secret": "9903d91ddc9c0c95da5ba38ab1d96fe12a8d77f2",
        "is_verified": false,
        "line_number": 25
      },
      {
        "type": "Secret Keyword",
        "filename": "tests/sample_test_flows/invoice_processing/flow_invoice.json",
        "hashed_secret": "bc565f6e909ec7d3c18e2ff5d9eeb2300ff20b7f",
        "is_verified": false,
        "line_number": 38
      }
    ],
    "tests/sample_test_flows/invoice_processing/flow_invoice_entities.json": [
      {
        "type": "Secret Keyword",
        "filename": "tests/sample_test_flows/invoice_processing/flow_invoice_entities.json",
        "hashed_secret": "9903d91ddc9c0c95da5ba38ab1d96fe12a8d77f2",
        "is_verified": false,
        "line_number": 109
      }
    ],
    "tests/sample_test_flows/invoice_processing/flow_invoice_entities_expanded.json": [
      {
        "type": "Secret Keyword",
        "filename": "tests/sample_test_flows/invoice_processing/flow_invoice_entities_expanded.json",
        "hashed_secret": "9903d91ddc9c0c95da5ba38ab1d96fe12a8d77f2",
        "is_verified": false,
        "line_number": 139
      }
    ],
    "tests/sample_test_flows/invoice_processing/flow_invoice_entities_expanded_ui.json": [
      {
        "type": "Secret Keyword",
        "filename": "tests/sample_test_flows/invoice_processing/flow_invoice_entities_expanded_ui.json",
        "hashed_secret": "9903d91ddc9c0c95da5ba38ab1d96fe12a8d77f2",
        "is_verified": false,
        "line_number": 139
      }
    ],
    "tests/sample_test_flows/invoice_processing/flow_invoice_k8s.json": [
      {
        "type": "Secret Keyword",
        "filename": "tests/sample_test_flows/invoice_processing/flow_invoice_k8s.json",
        "hashed_secret": "bc565f6e909ec7d3c18e2ff5d9eeb2300ff20b7f",
        "is_verified": false,
        "line_number": 31
      },
      {
        "type": "Secret Keyword",
        "filename": "tests/sample_test_flows/invoice_processing/flow_invoice_k8s.json",
        "hashed_secret": "9903d91ddc9c0c95da5ba38ab1d96fe12a8d77f2",
        "is_verified": false,
        "line_number": 39
      },
      {
        "type": "AWS Access Key",
        "filename": "tests/sample_test_flows/invoice_processing/flow_invoice_k8s.json",
        "hashed_secret": "5f7d7d0886ed476319e6f89e4541d0fb5755e10b",
        "is_verified": false,
        "line_number": 63
      },
      {
        "type": "Base64 High Entropy String",
        "filename": "tests/sample_test_flows/invoice_processing/flow_invoice_k8s.json",
        "hashed_secret": "075ab574776c052385a4107b40b79a0c2661b9f7",
        "is_verified": false,
        "line_number": 64
      },
      {
        "type": "Secret Keyword",
        "filename": "tests/sample_test_flows/invoice_processing/flow_invoice_k8s.json",
        "hashed_secret": "075ab574776c052385a4107b40b79a0c2661b9f7",
        "is_verified": false,
        "line_number": 64
      }
    ],
    "tests/sample_test_flows/invoice_processing/flow_invoice_process.json": [
      {
        "type": "Secret Keyword",
        "filename": "tests/sample_test_flows/invoice_processing/flow_invoice_process.json",
        "hashed_secret": "9903d91ddc9c0c95da5ba38ab1d96fe12a8d77f2",
        "is_verified": false,
        "line_number": 130
      }
    ],
    "tests/sample_test_flows/quality_and_enrichment/flow_ml_enrichment_opensearch.json": [
      {
        "type": "Secret Keyword",
        "filename": "tests/sample_test_flows/quality_and_enrichment/flow_ml_enrichment_opensearch.json",
        "hashed_secret": "9903d91ddc9c0c95da5ba38ab1d96fe12a8d77f2",
        "is_verified": false,
        "line_number": 126
      }
    ],
    "tests/sample_test_flows/specialized/flow_purchase_orders_with_schema.json": [
      {
        "type": "Secret Keyword",
        "filename": "tests/sample_test_flows/specialized/flow_purchase_orders_with_schema.json",
        "hashed_secret": "9903d91ddc9c0c95da5ba38ab1d96fe12a8d77f2",
        "is_verified": false,
        "line_number": 133
      }
    ],
    "tests/unit/auth/test_jwt_handler.py": [
      {
        "type": "Secret Keyword",
        "filename": "tests/unit/auth/test_jwt_handler.py",
        "hashed_secret": "6731834487e9dd32ec3df63994d996da1133dbb9",
        "is_verified": false,
        "line_number": 18
      },
      {
        "type": "Secret Keyword",
        "filename": "tests/unit/auth/test_jwt_handler.py",
        "hashed_secret": "71fdbe9f60b1157a53c18b7ec93d4041d828aaad",
        "is_verified": false,
        "line_number": 36
      },
      {
        "type": "Secret Keyword",
        "filename": "tests/unit/auth/test_jwt_handler.py",
        "hashed_secret": "788bc34aec062babba5210c157b250c3d9dc7c84",
        "is_verified": false,
        "line_number": 171
      }
    ],
    "tests/unit/auth/test_models.py": [
      {
        "type": "Secret Keyword",
        "filename": "tests/unit/auth/test_models.py",
        "hashed_secret": "206c80413b9a96c1312cc346b7d2517b84463edd",
        "is_verified": false,
        "line_number": 21
      }
    ],
    "tests/unit/auth/test_oauth2_config.py": [
      {
        "type": "Secret Keyword",
        "filename": "tests/unit/auth/test_oauth2_config.py",
        "hashed_secret": "fe1bae27cb7c1fb823f496f286e78f1d2ae87734",
        "is_verified": false,
        "line_number": 32
      },
      {
        "type": "Secret Keyword",
        "filename": "tests/unit/auth/test_oauth2_config.py",
        "hashed_secret": "ac76baa2fc26ee51c161d710eef11a233ed88e34",
        "is_verified": false,
        "line_number": 81
      }
    ],
    "tests/unit/auth/test_oauth2_provider.py": [
      {
        "type": "Secret Keyword",
        "filename": "tests/unit/auth/test_oauth2_provider.py",
        "hashed_secret": "fe1bae27cb7c1fb823f496f286e78f1d2ae87734",
        "is_verified": false,
        "line_number": 29
      },
      {
        "type": "Secret Keyword",
        "filename": "tests/unit/auth/test_oauth2_provider.py",
        "hashed_secret": "ac76baa2fc26ee51c161d710eef11a233ed88e34",
        "is_verified": false,
        "line_number": 46
      },
      {
        "type": "Secret Keyword",
        "filename": "tests/unit/auth/test_oauth2_provider.py",
        "hashed_secret": "33dc063ccd54ddf6aac6e1a7c63e481336b97c1d",
        "is_verified": false,
        "line_number": 58
      }
    ],
    "tests/unit/operators/ededup/test_ededup.py": [
      {
        "type": "Hex High Entropy String",
        "filename": "tests/unit/operators/ededup/test_ededup.py",
        "hashed_secret": "3bef0b2314ff8da1700d4539d67f711ba7244fc4",
        "is_verified": false,
        "line_number": 54
      },
      {
        "type": "Hex High Entropy String",
        "filename": "tests/unit/operators/ededup/test_ededup.py",
        "hashed_secret": "1bc0b9d0c444841022385b43b2e2ceb6b3523bec",
        "is_verified": false,
        "line_number": 55
      }
    ],
    "tests/unit/operators/ingest/test_s3_source_adapter.py": [
      {
        "type": "AWS Access Key",
        "filename": "tests/unit/operators/ingest/test_s3_source_adapter.py",
        "hashed_secret": "25910f981e85ca04baf359199dd0bd4a3ae738b6",
        "is_verified": false,
        "line_number": 28
      },
      {
        "type": "Base64 High Entropy String",
        "filename": "tests/unit/operators/ingest/test_s3_source_adapter.py",
        "hashed_secret": "d70eab08607a4d05faa2d0d6647206599e9abc65",
        "is_verified": false,
        "line_number": 40
      },
      {
        "type": "Secret Keyword",
        "filename": "tests/unit/operators/ingest/test_s3_source_adapter.py",
        "hashed_secret": "d70eab08607a4d05faa2d0d6647206599e9abc65",
        "is_verified": false,
        "line_number": 40
      }
    ]
  },
  "generated_at": "2026-04-20T06:11:09Z"
}
